#,,,,,,"generated_by='OpenQuake engine 3.20.0-git6a5db97d59', start_date='2024-06-03T09:36:35', checksum=3596860000, kind='mean', investigation_time=1.0, imt='PGA'"
lon,lat,depth,poe-0.0100000,poe-0.1000000,poe-0.3000000,poe-1.0000000
-64.91005,0.00000,0.00000,4.877057E-02,2.869369E-02,7.562521E-03,6.459704E-05
