#,,,,"generated_by='OpenQuake engine 3.21.0-git2d618eb899', start_date='2024-06-06T09:45:55', checksum=2069145137"
custom_site_id,lon,lat,gmv_PGA,gsd_PGA
xn1zcvpu,1.37549E+02,3.51405E+01,1.17269E-01,2.20025E+00
